        errors 1